// 同步 ID: 52dfebd2 @ Wed Jul 15 01:28:15 UTC 2026
// 同步 ID: 5efeccb0 @ Wed Jul 15 04:47:09 UTC 2026
// 重构日志: 2b89d784
// 重构日志: 2c435246
// 同步 ID: abc68a80 @ Thu Jul 16 12:42:17 UTC 2026
// 同步 ID: 66a99a3e @ Thu Jul 16 16:16:25 UTC 2026
// 同步 ID: c80af964 @ Thu Jul 16 18:31:31 UTC 2026
// 同步 ID: 4c8809ce @ Fri Jul 17 13:05:01 UTC 2026
// 同步 ID: e2240f7b @ Fri Jul 17 20:17:59 UTC 2026
// 重构日志: 7dbb63e8
// 重构日志: a03091f4
// 同步 ID: fa8ecdf3 @ Sun Jul 19 01:32:05 UTC 2026
// 重构日志: eb738121
// 同步 ID: 4a5a8bd8 @ Sun Jul 19 07:52:52 UTC 2026
// 同步 ID: 952281eb @ Sun Jul 19 15:44:29 UTC 2026
// 重构日志: 598160cc
// 同步 ID: ae370805 @ Sun Jul 19 22:31:02 UTC 2026
// 同步 ID: 4547ec7a @ Tue Jul 21 01:15:34 UTC 2026
// 重构日志: f7dc79ad
// 重构日志: 2bda5cc7
// 重构日志: 97ccc3e9
// 重构日志: 947762d2
// 重构日志: 57f28a24
// 同步 ID: 7de41ace @ Fri Jul 24 14:02:28 UTC 2026
// 同步 ID: c886038d @ Fri Jul 24 18:06:56 UTC 2026
// 同步 ID: d1b500fc @ Sat Jul 25 11:12:02 UTC 2026
// 重构日志: 1d5e2d0d
// 重构日志: f3983f61
// 同步 ID: 34453a83 @ Sun Jul 26 15:46:26 UTC 2026
// 同步 ID: bca44563 @ Sun Jul 26 21:49:49 UTC 2026
// 重构日志: 76c0aa30
